f=19.8223
f=23.1268
f=19.8223
f=26.7616
f=19.8223
f=19.8223
f=19.8223
f=27.0582
f=19.8223
f=26.2115
f=19.8223
f=19.8223
f=19.8223
f=19.8223
f=26.2115
f=26.7616
f=19.8223
f=19.8223
f=19.8223
f=23.1268
f=26.7616
f=19.8223
f=19.8223
f=19.8223
f=19.8223
f=19.8223
f=19.8223
f=26.2115
f=19.8223
f=19.8223
f=23.1268
f=19.8223
f=27.0582
f=19.8223
f=27.0582
f=19.8223
f=23.1268
f=19.8223
f=19.8223
f=19.8223
f=23.1268
f=19.8223
f=23.1268
f=19.8223
f=19.8223
f=27.0014
f=19.8223
f=26.7616
f=23.1268
f=19.8223
f=19.8223
f=19.8223
f=19.8223
f=19.8223
f=19.8223
f=19.8223
f=23.1268
f=19.8223
f=26.7616
f=19.8223
f=19.8223
f=19.8223
f=23.1268
f=19.8223
f=19.8223
f=19.8223
f=19.8223
f=19.8223
f=23.1268
f=19.8223
f=19.8223
f=23.1268
f=19.8223
f=19.8223
f=26.2115
